{
  HasContexts: true,
  ContextCount: 1,
  JsonContent:
{
  "Contexts": [
    {
      "Context": "Facet.Extensions.EFCore.Tests.TestData.TestDbContext",
      "Entities": [
        {
          "Name": "Facet.Extensions.EFCore.Tests.TestData.Category",
          "Clr": "Facet.Extensions.EFCore.Tests.TestData.Category",
          "Keys": [
            [
              "Id"
            ]
          ],
          "Navigations": [
            {
              "Name": "Products",
              "Target": "Facet.Extensions.EFCore.Tests.TestData.Product",
              "IsCollection": true
            }
          ]
        },
        {
          "Name": "Facet.Extensions.EFCore.Tests.TestData.Order",
          "Clr": "Facet.Extensions.EFCore.Tests.TestData.Order",
          "Keys": [
            [
              "Id"
            ]
          ],
          "Navigations": [
            {
              "Name": "OrderItems",
              "Target": "Facet.Extensions.EFCore.Tests.TestData.OrderItem",
              "IsCollection": true
            },
            {
              "Name": "User",
              "Target": "Facet.Extensions.EFCore.Tests.TestData.User",
              "IsCollection": false
            }
          ]
        },
        {
          "Name": "Facet.Extensions.EFCore.Tests.TestData.OrderItem",
          "Clr": "Facet.Extensions.EFCore.Tests.TestData.OrderItem",
          "Keys": [
            [
              "Id"
            ]
          ],
          "Navigations": [
            {
              "Name": "Order",
              "Target": "Facet.Extensions.EFCore.Tests.TestData.Order",
              "IsCollection": false
            },
            {
              "Name": "Product",
              "Target": "Facet.Extensions.EFCore.Tests.TestData.Product",
              "IsCollection": false
            }
          ]
        },
        {
          "Name": "Facet.Extensions.EFCore.Tests.TestData.Product",
          "Clr": "Facet.Extensions.EFCore.Tests.TestData.Product",
          "Keys": [
            [
              "Id"
            ]
          ],
          "Navigations": [
            {
              "Name": "Category",
              "Target": "Facet.Extensions.EFCore.Tests.TestData.Category",
              "IsCollection": false
            },
            {
              "Name": "OrderItems",
              "Target": "Facet.Extensions.EFCore.Tests.TestData.OrderItem",
              "IsCollection": true
            }
          ]
        },
        {
          "Name": "Facet.Extensions.EFCore.Tests.TestData.User",
          "Clr": "Facet.Extensions.EFCore.Tests.TestData.User",
          "Keys": [
            [
              "Id"
            ]
          ],
          "Navigations": [
            {
              "Name": "Orders",
              "Target": "Facet.Extensions.EFCore.Tests.TestData.Order",
              "IsCollection": true
            }
          ]
        }
      ]
    }
  ]
}
}