[
  {
    HintName: TestDto.g.cs,
    Source:
//     This code was generated by the Facet source generator.
//     Changes to this file may cause incorrect behavior and will be lost if
//     the code is regenerated.
// </auto-generated>

using System;
using System.Linq.Expressions;

public partial class TestDto
{
    public int Id { get; set; }
    public string Name { get; set; }
    public decimal Value { get; set; }

    /// <summary>
    /// Initializes a new instance of the <see cref="TestDto"/> class from the specified <see cref="global::TestEntity"/>.
    /// </summary>
    /// <param name="source">The source <see cref="global::TestEntity"/> object to copy data from.</param>
    public TestDto(global::TestEntity source)
    {
        this.Id = source.Id;
        this.Name = source.Name;
        this.Value = source.Value;
    }

    /// <summary>
    /// Initializes a new instance of the <see cref="TestDto"/> class with default values.
    /// </summary>
    /// <remarks>
    /// This constructor is useful for unit testing, object initialization, and scenarios
    /// where you need to create an empty instance and populate properties later.
    /// </remarks>
    public TestDto()
    {
    }

    /// <summary>
    /// Gets the projection expression for converting <see cref="global::TestEntity"/> to <see cref="TestDto"/>.
    /// Use this for LINQ and Entity Framework query projections.
    /// </summary>
    /// <value>An expression tree that can be used in LINQ queries for efficient database projections.</value>
    /// <example>
    /// <code>
    /// var dtos = context.global::TestEntitys
    ///     .Where(x => x.IsActive)
    ///     .Select(TestDto.Projection)
    ///     .ToList();
    /// </code>
    /// </example>
    public static Expression<Func<global::TestEntity, TestDto>> Projection =>
        source => new TestDto(source);
}

  }
]