[
  {
    HintName: PersonDto.g.cs,
    Source:
//     This code was generated by the Facet source generator.
//     Changes to this file may cause incorrect behavior and will be lost if
//     the code is regenerated.
// </auto-generated>

using System;
using System.Linq.Expressions;

public partial class PersonDto
{
    public string FirstName { get; set; }
    public string LastName { get; set; }
    public string DisplayName { get; set; }
    public int Id { get; set; }
    public global::System.DateTime CreatedAt { get; set; }
    public global::System.DateTime UpdatedAt { get; set; }

    /// <summary>
    /// Initializes a new instance of the <see cref="PersonDto"/> class from the specified <see cref="global::Person"/>.
    /// </summary>
    /// <param name="source">The source <see cref="global::Person"/> object to copy data from.</param>
    public PersonDto(global::Person source)
    {
        this.FirstName = source.FirstName;
        this.LastName = source.LastName;
        this.DisplayName = source.DisplayName;
        this.Id = source.Id;
        this.CreatedAt = source.CreatedAt;
        this.UpdatedAt = source.UpdatedAt;
    }

    /// <summary>
    /// Initializes a new instance of the <see cref="PersonDto"/> class with default values.
    /// </summary>
    /// <remarks>
    /// This constructor is useful for unit testing, object initialization, and scenarios
    /// where you need to create an empty instance and populate properties later.
    /// </remarks>
    public PersonDto()
    {
    }

    /// <summary>
    /// Gets the projection expression for converting <see cref="global::Person"/> to <see cref="PersonDto"/>.
    /// Use this for LINQ and Entity Framework query projections.
    /// </summary>
    /// <value>An expression tree that can be used in LINQ queries for efficient database projections.</value>
    /// <example>
    /// <code>
    /// var dtos = context.global::Persons
    ///     .Where(x => x.IsActive)
    ///     .Select(PersonDto.Projection)
    ///     .ToList();
    /// </code>
    /// </example>
    public static Expression<Func<global::Person, PersonDto>> Projection =>
        source => new PersonDto
        {
            FirstName = source.FirstName,
            LastName = source.LastName,
            DisplayName = source.DisplayName,
            Id = source.Id,
            CreatedAt = source.CreatedAt,
            UpdatedAt = source.UpdatedAt
        };
}

  }
]