[
  {
    HintName: EmptyDto.g.cs,
    Source:
//     This code was generated by the Facet source generator.
//     Changes to this file may cause incorrect behavior and will be lost if
//     the code is regenerated.
// </auto-generated>

using System;
using System.Linq.Expressions;

public partial class EmptyDto
{

    /// <summary>
    /// Initializes a new instance of the <see cref="EmptyDto"/> class from the specified <see cref="global::EmptyEntity"/>.
    /// </summary>
    /// <param name="source">The source <see cref="global::EmptyEntity"/> object to copy data from.</param>
    public EmptyDto(global::EmptyEntity source)
    {
    }

    /// <summary>
    /// Initializes a new instance of the <see cref="EmptyDto"/> class with default values.
    /// </summary>
    /// <remarks>
    /// This constructor is useful for unit testing, object initialization, and scenarios
    /// where you need to create an empty instance and populate properties later.
    /// </remarks>
    public EmptyDto()
    {
    }

    /// <summary>
    /// Gets the projection expression for converting <see cref="global::EmptyEntity"/> to <see cref="EmptyDto"/>.
    /// Use this for LINQ and Entity Framework query projections.
    /// </summary>
    /// <value>An expression tree that can be used in LINQ queries for efficient database projections.</value>
    /// <example>
    /// <code>
    /// var dtos = context.global::EmptyEntitys
    ///     .Where(x => x.IsActive)
    ///     .Select(EmptyDto.Projection)
    ///     .ToList();
    /// </code>
    /// </example>
    public static Expression<Func<global::EmptyEntity, EmptyDto>> Projection =>
        source => new EmptyDto(source);
}

  }
]