[
  {
    HintName: MixedMutabilityDto.g.cs,
    Source:
//     This code was generated by the Facet source generator.
//     Changes to this file may cause incorrect behavior and will be lost if
//     the code is regenerated.
// </auto-generated>

using System;
using System.Linq.Expressions;

public partial record MixedMutabilityDto(string Id, string Name, string Description, decimal Value, global::System.DateTime CreatedAt, global::System.DateTime? UpdatedAt, bool IsReadOnly, string Status);
public partial record MixedMutabilityDto
{

    /// <summary>
    /// Initializes a new instance of the <see cref="MixedMutabilityDto"/> class from the specified <see cref="global::MixedMutabilityRecord"/>.
    /// </summary>
    /// <param name="source">The source <see cref="global::MixedMutabilityRecord"/> object to copy data from.</param>
    public MixedMutabilityDto(global::MixedMutabilityRecord source) : this(source.Id, source.Name, source.Description, source.Value, source.CreatedAt, source.UpdatedAt, source.IsReadOnly, source.Status)
    {
    }

    /// <summary>
    /// Initializes a new instance of the <see cref="MixedMutabilityDto"/> class with default values.
    /// </summary>
    /// <remarks>
    /// This constructor is useful for unit testing, object initialization, and scenarios
    /// where you need to create an empty instance and populate properties later.
    /// </remarks>
    public MixedMutabilityDto() : this(string.Empty, string.Empty, string.Empty, 0m, default, null, false, string.Empty)
    {
    }

    /// <summary>
    /// Gets the projection expression for converting <see cref="global::MixedMutabilityRecord"/> to <see cref="MixedMutabilityDto"/>.
    /// Use this for LINQ and Entity Framework query projections.
    /// </summary>
    /// <value>An expression tree that can be used in LINQ queries for efficient database projections.</value>
    /// <example>
    /// <code>
    /// var dtos = context.global::MixedMutabilityRecords
    ///     .Where(x => x.IsActive)
    ///     .Select(MixedMutabilityDto.Projection)
    ///     .ToList();
    /// </code>
    /// </example>
    public static Expression<Func<global::MixedMutabilityRecord, MixedMutabilityDto>> Projection =>
        source => new MixedMutabilityDto(source);
}

  }
]