[
  {
    HintName: UserProfileDto.g.cs,
    Source:
//     This code was generated by the Facet source generator.
//     Changes to this file may cause incorrect behavior and will be lost if
//     the code is regenerated.
// </auto-generated>

using System;
using System.Linq.Expressions;

public partial record UserProfileDto(string Id, string Username, string Email, string FirstName, string LastName, global::System.DateTime? DateOfBirth, string ProfilePictureUrl, string Bio);
public partial record UserProfileDto
{

    /// <summary>
    /// Initializes a new instance of the <see cref="UserProfileDto"/> class from the specified <see cref="global::UserProfile"/>.
    /// </summary>
    /// <param name="source">The source <see cref="global::UserProfile"/> object to copy data from.</param>
    public UserProfileDto(global::UserProfile source) : this(source.Id, source.Username, source.Email, source.FirstName, source.LastName, source.DateOfBirth, source.ProfilePictureUrl, source.Bio)
    {
    }

    /// <summary>
    /// Initializes a new instance of the <see cref="UserProfileDto"/> class with default values.
    /// </summary>
    /// <remarks>
    /// This constructor is useful for unit testing, object initialization, and scenarios
    /// where you need to create an empty instance and populate properties later.
    /// </remarks>
    public UserProfileDto() : this(string.Empty, string.Empty, string.Empty, string.Empty, string.Empty, null, string.Empty, string.Empty)
    {
    }

    /// <summary>
    /// Gets the projection expression for converting <see cref="global::UserProfile"/> to <see cref="UserProfileDto"/>.
    /// Use this for LINQ and Entity Framework query projections.
    /// </summary>
    /// <value>An expression tree that can be used in LINQ queries for efficient database projections.</value>
    /// <example>
    /// <code>
    /// var dtos = context.global::UserProfiles
    ///     .Where(x => x.IsActive)
    ///     .Select(UserProfileDto.Projection)
    ///     .ToList();
    /// </code>
    /// </example>
    public static Expression<Func<global::UserProfile, UserProfileDto>> Projection =>
        source => new UserProfileDto
        {
            Id = source.Id,
            Username = source.Username,
            Email = source.Email,
            FirstName = source.FirstName,
            LastName = source.LastName,
            DateOfBirth = source.DateOfBirth,
            ProfilePictureUrl = source.ProfilePictureUrl,
            Bio = source.Bio
        };
}

  }
]