[
  {
    HintName: PersonRecordDto.g.cs,
    Source:
//     This code was generated by the Facet source generator.
//     Changes to this file may cause incorrect behavior and will be lost if
//     the code is regenerated.
// </auto-generated>

using System;
using System.Linq.Expressions;

public partial record PersonRecordDto(string FirstName, string LastName, global::System.DateTime DateOfBirth, string Email, int Id, bool IsActive, global::System.DateTime CreatedAt);
public partial record PersonRecordDto
{

    /// <summary>
    /// Initializes a new instance of the <see cref="PersonRecordDto"/> class from the specified <see cref="global::PersonRecord"/>.
    /// </summary>
    /// <param name="source">The source <see cref="global::PersonRecord"/> object to copy data from.</param>
    public PersonRecordDto(global::PersonRecord source) : this(source.FirstName, source.LastName, source.DateOfBirth, source.Email, source.Id, source.IsActive, source.CreatedAt)
    {
    }

    /// <summary>
    /// Initializes a new instance of the <see cref="PersonRecordDto"/> class with default values.
    /// </summary>
    /// <remarks>
    /// This constructor is useful for unit testing, object initialization, and scenarios
    /// where you need to create an empty instance and populate properties later.
    /// </remarks>
    public PersonRecordDto() : this(string.Empty, string.Empty, default, string.Empty, 0, false, default)
    {
    }

    /// <summary>
    /// Gets the projection expression for converting <see cref="global::PersonRecord"/> to <see cref="PersonRecordDto"/>.
    /// Use this for LINQ and Entity Framework query projections.
    /// </summary>
    /// <value>An expression tree that can be used in LINQ queries for efficient database projections.</value>
    /// <example>
    /// <code>
    /// var dtos = context.global::PersonRecords
    ///     .Where(x => x.IsActive)
    ///     .Select(PersonRecordDto.Projection)
    ///     .ToList();
    /// </code>
    /// </example>
    public static Expression<Func<global::PersonRecord, PersonRecordDto>> Projection =>
        source => new PersonRecordDto(source);
}

  }
]