[
  {
    HintName: CompactUserDto.g.cs,
    Source:
//     This code was generated by the Facet source generator.
//     Changes to this file may cause incorrect behavior and will be lost if
//     the code is regenerated.
// </auto-generated>

using System;
using System.Linq.Expressions;

public partial record struct CompactUserDto(string Id, string Name, global::System.DateTime CreatedAt);
public partial record struct CompactUserDto
{

    /// <summary>
    /// Initializes a new instance of the <see cref="CompactUserDto"/> class from the specified <see cref="global::CompactUser"/>.
    /// </summary>
    /// <param name="source">The source <see cref="global::CompactUser"/> object to copy data from.</param>
    public CompactUserDto(global::CompactUser source) : this(source.Id, source.Name, source.CreatedAt)
    {
    }

    /// <summary>
    /// Initializes a new instance of the <see cref="CompactUserDto"/> class with default values.
    /// </summary>
    /// <remarks>
    /// This constructor is useful for unit testing, object initialization, and scenarios
    /// where you need to create an empty instance and populate properties later.
    /// </remarks>
    public CompactUserDto() : this(string.Empty, string.Empty, default)
    {
    }

    /// <summary>
    /// Gets the projection expression for converting <see cref="global::CompactUser"/> to <see cref="CompactUserDto"/>.
    /// Use this for LINQ and Entity Framework query projections.
    /// </summary>
    /// <value>An expression tree that can be used in LINQ queries for efficient database projections.</value>
    /// <example>
    /// <code>
    /// var dtos = context.global::CompactUsers
    ///     .Where(x => x.IsActive)
    ///     .Select(CompactUserDto.Projection)
    ///     .ToList();
    /// </code>
    /// </example>
    public static Expression<Func<global::CompactUser, CompactUserDto>> Projection =>
        source => new CompactUserDto(source);
}

  }
]