[
  {
    HintName: ProductDto.g.cs,
    Source:
//     This code was generated by the Facet source generator.
//     Changes to this file may cause incorrect behavior and will be lost if
//     the code is regenerated.
// </auto-generated>

using System;
using System.Linq.Expressions;

public partial record ProductDto(int Id, string Name, string Description, decimal Price, bool IsAvailable);
public partial record ProductDto
{

    /// <summary>
    /// Initializes a new instance of the <see cref="ProductDto"/> class from the specified <see cref="global::Product"/>.
    /// </summary>
    /// <param name="source">The source <see cref="global::Product"/> object to copy data from.</param>
    public ProductDto(global::Product source) : this(source.Id, source.Name, source.Description, source.Price, source.IsAvailable)
    {
    }

    /// <summary>
    /// Initializes a new instance of the <see cref="ProductDto"/> class with default values.
    /// </summary>
    /// <remarks>
    /// This constructor is useful for unit testing, object initialization, and scenarios
    /// where you need to create an empty instance and populate properties later.
    /// </remarks>
    public ProductDto() : this(0, string.Empty, string.Empty, 0m, false)
    {
    }

    /// <summary>
    /// Gets the projection expression for converting <see cref="global::Product"/> to <see cref="ProductDto"/>.
    /// Use this for LINQ and Entity Framework query projections.
    /// </summary>
    /// <value>An expression tree that can be used in LINQ queries for efficient database projections.</value>
    /// <example>
    /// <code>
    /// var dtos = context.global::Products
    ///     .Where(x => x.IsActive)
    ///     .Select(ProductDto.Projection)
    ///     .ToList();
    /// </code>
    /// </example>
    public static Expression<Func<global::Product, ProductDto>> Projection =>
        source => new ProductDto
        {
            Id = source.Id,
            Name = source.Name,
            Description = source.Description,
            Price = source.Price,
            IsAvailable = source.IsAvailable
        };
}

  }
]