[
  {
    HintName: ModernUserDto.g.cs,
    Source:
//     This code was generated by the Facet source generator.
//     Changes to this file may cause incorrect behavior and will be lost if
//     the code is regenerated.
// </auto-generated>

using System;
using System.Linq.Expressions;

public partial record ModernUserDto(string Id, string FirstName, string LastName, string Email, global::System.DateTime CreatedAt);
public partial record ModernUserDto
{

    /// <summary>
    /// Initializes a new instance of the <see cref="ModernUserDto"/> class from the specified <see cref="global::ModernUser"/>.
    /// </summary>
    /// <param name="source">The source <see cref="global::ModernUser"/> object to copy data from.</param>
    public ModernUserDto(global::ModernUser source) : this(source.Id, source.FirstName, source.LastName, source.Email, source.CreatedAt)
    {
    }

    /// <summary>
    /// Initializes a new instance of the <see cref="ModernUserDto"/> class with default values.
    /// </summary>
    /// <remarks>
    /// This constructor is useful for unit testing, object initialization, and scenarios
    /// where you need to create an empty instance and populate properties later.
    /// </remarks>
    public ModernUserDto() : this(string.Empty, string.Empty, string.Empty, string.Empty, default)
    {
    }

    /// <summary>
    /// Gets the projection expression for converting <see cref="global::ModernUser"/> to <see cref="ModernUserDto"/>.
    /// Use this for LINQ and Entity Framework query projections.
    /// </summary>
    /// <value>An expression tree that can be used in LINQ queries for efficient database projections.</value>
    /// <example>
    /// <code>
    /// var dtos = context.global::ModernUsers
    ///     .Where(x => x.IsActive)
    ///     .Select(ModernUserDto.Projection)
    ///     .ToList();
    /// </code>
    /// </example>
    public static Expression<Func<global::ModernUser, ModernUserDto>> Projection =>
        source => new ModernUserDto(source);
}

  }
]